Collecting boto3<2,>=1.43
  Using cached boto3-1.43.90-py3-none-any.whl.metadata (6.6 kB)
Collecting botocore<1.44.0,>=1.43.90 (from boto3<2,>=1.43)
  Using cached botocore-1.43.90-py3-none-any.whl.metadata (5.6 kB)
Collecting jmespath<2.0.0,>=0.7.1 (from boto3<2,>=1.43)
  Using cached jmespath-1.1.0-py3-none-any.whl.metadata (7.6 kB)
Collecting s3transfer<0.20.0,>=0.19.0 (from boto3<2,>=1.43)
  Using cached s3transfer-0.19.2-py3-none-any.whl.metadata (1.7 kB)
Collecting python-dateutil<3.0.0,>=2.1 (from botocore<1.44.0,>=1.43.90->boto3<2,>=1.43)
  Using cached python_dateutil-2.9.0.post0-py2.py3-none-any.whl.metadata (8.4 kB)
Requirement already satisfied: urllib3!=2.2.0,<3,>=1.25.4 in C:\Users\emili\AppData\Local\Python\pythoncore-3.14-64\Lib\site-packages (from botocore<1.44.0,>=1.43.90->boto3<2,>=1.43) (2.7.0)
Collecting six>=1.5 (from python-dateutil<3.0.0,>=2.1->botocore<1.44.0,>=1.43.90->boto3<2,>=1.43)
  Using cached six-1.17.0-py2.py3-none-any.whl.metadata (1.7 kB)
Using cached boto3-1.43.90-py3-none-any.whl (140 kB)
Downloading botocore-1.43.90-py3-none-any.whl (15.8 MB)
   ---------------------------------------- 15.8/15.8 MB 515.4 kB/s  0:00:31
Using cached jmespath-1.1.0-py3-none-any.whl (20 kB)
Using cached python_dateutil-2.9.0.post0-py2.py3-none-any.whl (229 kB)
Using cached s3transfer-0.19.2-py3-none-any.whl (90 kB)
Using cached six-1.17.0-py2.py3-none-any.whl (11 kB)
Installing collected packages: six, jmespath, python-dateutil, botocore, s3transfer, boto3

